// Jest Snapshot v1, https://goo.gl/fbAQLP

exports[`Given a TimePicker component Then it should render correctly 1`] = `
<View
  accessible={true}
  focusable={true}
  onClick={[Function]}
  onResponderGrant={[Function]}
  onResponderMove={[Function]}
  onResponderRelease={[Function]}
  onResponderTerminate={[Function]}
  onResponderTerminationRequest={[Function]}
  onStartShouldSetResponder={[Function]}
  testID="show"
>
  <Icon
    name="time-outline"
    style={
      Object {
        "fontSize": 30,
      }
    }
  />
  <Picker
    headerTextIOS="Estamos disponibles de 12:00 a 16:00 "
    isVisible={true}
    locale="en_GB"
    minuteInterval={30}
    mode="time"
    onCancel={[Function]}
    onConfirm={[Function]}
    testID="picker"
  />
</View>
`;
